../Core/Src/main.c:150:5:main	19
../Core/Src/main.c:357:6:SystemClock_Config	3
../Core/Src/main.c:403:13:MX_I2C1_Init	2
../Core/Src/main.c:437:13:MX_I2C3_Init	2
../Core/Src/main.c:471:13:MX_TIM2_Init	5
../Core/Src/main.c:524:13:MX_TIM3_Init	4
../Core/Src/main.c:572:13:MX_TIM4_Init	3
../Core/Src/main.c:621:13:MX_TIM5_Init	4
../Core/Src/main.c:670:13:MX_USART1_UART_Init	2
../Core/Src/main.c:703:13:MX_USB_OTG_FS_PCD_Init	2
../Core/Src/main.c:736:13:MX_DMA_Init	1
../Core/Src/main.c:754:13:MX_GPIO_Init	1
../Core/Src/main.c:804:6:HAL_TIM_PWM_PulseFinishedCallback	1
../Core/Src/main.c:810:6:HAL_UART_RxCpltCallback	2
../Core/Src/main.c:820:6:HAL_UART_ErrorCallback	2
../Core/Src/main.c:828:6:HAL_TIM_PeriodElapsedCallback	2
../Core/Src/main.c:842:6:Error_Handler	1
